Microchip Technology Inc, v1.33 (A)

Tool Name:
  c:\program files (x86)\microchip\xc16\v1.33\bin\bin\..\bin/elf-ld.exe

Command:
  -p30F4012 \
  -o \
  dist/simulator/production/MDU_COMON.X.production.elf \
  -Lc:/program files (x86)/microchip/xc16/v1.33/bin/bin/.. \
  -Lc:/program files (x86)/microchip/xc16/v1.33/bin/bin/../../lib \
  -Lc:/program files (x86)/microchip/xc16/v1.33/bin/bin/../../support/PIC24E/gld \
  -Lc:/program files (x86)/microchip/xc16/v1.33/bin/bin/../../support/PIC24F/gld \
  -Lc:/program files (x86)/microchip/xc16/v1.33/bin/bin/../../support/PIC24H/gld \
  -Lc:/program files (x86)/microchip/xc16/v1.33/bin/bin/../../support/dsPIC30F/gld \
  -Lc:/program files (x86)/microchip/xc16/v1.33/bin/bin/../../support/dsPIC33C/gld \
  -Lc:/program files (x86)/microchip/xc16/v1.33/bin/bin/../../support/dsPIC33E/gld \
  -Lc:/program files (x86)/microchip/xc16/v1.33/bin/bin/../../support/dsPIC33F/gld \
  build/simulator/production/Driver/driver.o \
  build/simulator/production/Driver/eeprom.o \
  build/simulator/production/Driver/encoder.o \
  build/simulator/production/Driver/ports.o \
  build/simulator/production/Driver/pwm.o \
  build/simulator/production/Driver/uart.o \
  build/simulator/production/Driver/timer.o \
  build/simulator/production/Driver/timer_asm.o \
  build/simulator/production/Driver/adc.o \
  build/simulator/production/Setting/configuration.o \
  build/simulator/production/main.o \
  build/simulator/production/Setting/types.o \
  build/simulator/production/System/shell.o \
  build/simulator/production/System/shell_bin.o \
  build/simulator/production/System/shell_core.o \
  build/simulator/production/System/system.o \
  build/simulator/production/System/motor.o \
  build/simulator/production/System/shell_sbin.o \
  build/simulator/production/System/file.o \
  build/simulator/production/System/error.o \
  --defsym=__MPLAB_BUILD=1 \
  -Tp30F4012.gld.00 \
  --stack=64 \
  --check-sections \
  --data-init \
  --pack-data \
  --handles \
  --isr \
  --no-gc-sections \
  --fill-upper=0 \
  --stackguard=16 \
  --no-force-link \
  --smart-io \
  -Map=dist/simulator/production/MDU_COMON.X.production.map \
  --report-mem \
  --memorysummary \
  dist/simulator/production/memoryfile.xml \
  -start-group \
  --library=pic30-elf \
  --library=fastm-elf \
  --library=c-elf \
  -end-group \


Optional library libp30F4012.a not found
Archive member included because of file (symbol)

c:/program files (x86)/microchip/xc16/v1.33/bin/bin/../../lib\libpic30-elf.a(crt0_standard.o)
                              (__resetPRI)
c:/program files (x86)/microchip/xc16/v1.33/bin/bin/../../lib\libpic30-elf.a(data_init_standard.o)
                              c:/program files (x86)/microchip/xc16/v1.33/bin/bin/../../lib\libpic30-elf.a(crt0_standard.o) (__data_init_standard)
c:/program files (x86)/microchip/xc16/v1.33/bin/bin/../../lib\libpic30-elf.a(crt_start_mode_normal.eo)
                              (__crt_start_mode_normal)
c:/program files (x86)/microchip/xc16/v1.33/bin/bin/../../lib\libpic30-elf.a(eedata_helper.eo)
                              build/simulator/production/Driver/eeprom.o (__eedata_helper1)
c:/program files (x86)/microchip/xc16/v1.33/bin/bin/../../lib\libfastm-elf.a(fixsfsi.eo)
                              build/simulator/production/System/shell_bin.o (_(float, int, long long, short, float, short, int))
c:/program files (x86)/microchip/xc16/v1.33/bin/bin/../../lib\libfastm-elf.a(funpack.eo)
                              c:/program files (x86)/microchip/xc16/v1.33/bin/bin/../../lib\libfastm-elf.a(fixsfsi.eo) (__funpack)
c:/program files (x86)/microchip/xc16/v1.33/bin/bin/../../lib\libfastm-elf.a(mulsf3x.eo)
                              build/simulator/production/System/motor.o (___mulsf3)
c:/program files (x86)/microchip/xc16/v1.33/bin/bin/../../lib\libfastm-elf.a(udivsi3x.eo)
                              build/simulator/production/Driver/pwm.o (___udivsi3)
c:/program files (x86)/microchip/xc16/v1.33/bin/bin/../../lib\libfastm-elf.a(unpackdnrmfx.eo)
                              c:/program files (x86)/microchip/xc16/v1.33/bin/bin/../../lib\libfastm-elf.a(mulsf3x.eo) (__unpackdnrmf)
c:/program files (x86)/microchip/xc16/v1.33/bin/bin/../../lib\libfastm-elf.a(propnanfx.eo)
                              c:/program files (x86)/microchip/xc16/v1.33/bin/bin/../../lib\libfastm-elf.a(mulsf3x.eo) (__propnanf)
c:/program files (x86)/microchip/xc16/v1.33/bin/bin/../../lib\libfastm-elf.a(dnrmpackfx.eo)
                              c:/program files (x86)/microchip/xc16/v1.33/bin/bin/../../lib\libfastm-elf.a(mulsf3x.eo) (__dnrmpackf)
c:/program files (x86)/microchip/xc16/v1.33/bin/bin/../../lib\libfastm-elf.a(typefx.eo)
                              c:/program files (x86)/microchip/xc16/v1.33/bin/bin/../../lib\libfastm-elf.a(mulsf3x.eo) (__typef)
[...]
Memory Configuration

Name             Origin             Length             Attributes
data             0x000800           0x000800           a !xr
reset            0x000000           0x000004  
ivt              0x000004           0x00007c  
_reserved        0x000080           0x000004  
aivt             0x000084           0x00007c  
program          0x000100           0x007f00           xr
eedata           0x7ffc00           0x000400  
FUID0            0x8005c0           0x000002  
FUID1            0x8005c2           0x000002  
FUID2            0x8005c4           0x000002  
FUID3            0x8005c6           0x000002  
FOSC             0xf80000           0x000002  
FWDT             0xf80002           0x000002  
FBORPOR          0xf80004           0x000002  
RESERVED1        0xf80006           0x000002  
RESERVED2        0xf80008           0x000002  
FGS              0xf8000a           0x000002  
FICD             0xf8000c           0x000002  
*default*        0x000000           0xffffffff  

Linker script and memory map

LOAD build/simulator/production/Driver/driver.o
LOAD build/simulator/production/Driver/eeprom.o
LOAD build/simulator/production/Driver/encoder.o
LOAD build/simulator/production/Driver/ports.o
LOAD build/simulator/production/Driver/pwm.o
LOAD build/simulator/production/Driver/uart.o
LOAD build/simulator/production/Driver/timer.o
LOAD build/simulator/production/Driver/timer_asm.o
LOAD build/simulator/production/Driver/adc.o
LOAD build/simulator/production/Setting/configuration.o
LOAD build/simulator/production/main.o
LOAD build/simulator/production/Setting/types.o
LOAD build/simulator/production/System/shell.o
LOAD build/simulator/production/System/shell_bin.o
LOAD build/simulator/production/System/shell_core.o
LOAD build/simulator/production/System/system.o
LOAD build/simulator/production/System/motor.o
LOAD build/simulator/production/System/shell_sbin.o
LOAD build/simulator/production/System/file.o
LOAD build/simulator/production/System/error.o
                    0x0001                  __MPLAB_BUILD = 0x1
LOAD p30F4012
LOAD c:/program files (x86)/microchip/xc16/v1.33/bin/bin/../../lib\libfx-elf.a
                    0x8005c0                  __FUID0 = 0x8005c0
                    0x8005c2                  __FUID1 = 0x8005c2
                    0x8005c4                  __FUID2 = 0x8005c4
                    0x8005c6                  __FUID3 = 0x8005c6
                    0xf80000                  __FOSC = 0xf80000
                    0xf80002                  __FWDT = 0xf80002
                    0xf80004                  __FBORPOR = 0xf80004
                    0xf80006                  __RESERVED1 = 0xf80006
                    0xf80008                  __RESERVED2 = 0xf80008
                    0xf8000a                  __FGS = 0xf8000a
                    0xf8000c                  __FICD = 0xf8000c
                    0x0001                  __NO_HANDLES = 0x1
                    0x0100                  __CODE_BASE = 0x100
                    0x7f00                  __CODE_LENGTH = 0x7f00
                    0x0004                  __IVT_BASE = 0x4
                    0x0084                  __AIVT_BASE = 0x84
                    0x0800                  __DATA_BASE = 0x800
                    0x0800                  __DATA_LENGTH = 0x800
                    0x0c00                  __YDATA_BASE = 0xc00

.reset            0x000000          0x4
                  0x000000          0x2 SHORT 0x100 ABSOLUTE (__reset)
                  0x000001          0x2 SHORT 0x4
                  0x000002          0x2 SHORT 0x0 ((ABSOLUTE (__reset) >> 0x10) & 0x7f)
                  0x000003          0x2 SHORT 0x0

.text             0x000100        0xd0c
 *(.init)
 .init            0x000100         0x4c c:/program files (x86)/microchip/xc16/v1.33/bin/bin/../../lib\libpic30-elf.a(crt0_standard.o)
                  0x000100                  __resetPRI
                  0x000100                  __reset
                  0x00013c                  __psv_init
 .init            0x00014c         0x7c c:/program files (x86)/microchip/xc16/v1.33/bin/bin/../../lib\libpic30-elf.a(data_init_standard.o)
                  0x000152                  __data_init_standard
                  0x000152                  __data_init
 *(.user_init)
 *(.handle)
 *(.isr*)
 .isr.text        0x000208         0x38 build/simulator/production/Driver/encoder.o
                  0x000208                  __PWMInterrupt
 .isr.text        0x000240         0xf0 build/simulator/production/Driver/uart.o
                  0x000240                  __U1RXInterrupt
                  0x0002a8                  __U1TXInterrupt
 .isr             0x000330          0x4 default_isr
                  0x000330                  __DefaultInterrupt
 *(.libc)
 .libc            0x000334         0x10 c:/program files (x86)/microchip/xc16/v1.33/bin/bin/../../lib\libc-elf.a(isspace.eso)
                  0x000334                  _isspace
 .libc            0x000344         0x10 c:/program files (x86)/microchip/xc16/v1.33/bin/bin/../../lib\libpic30-elf.a(_exit.eo)
                  0x000344                  __exit
 *(.libm)
 *(.libdsp)
 *(.lib*)
 .libpic30_crt_start_mode
                  0x000354          0x2 c:/program files (x86)/microchip/xc16/v1.33/bin/bin/../../lib\libpic30-elf.a(crt_start_mode_normal.eo)
                  0x000354                  __crt_start_mode
                  0x000354                  __crt_start_mode_normal
 .libc.eedata_helper1234
                  0x000356         0x50 c:/program files (x86)/microchip/xc16/v1.33/bin/bin/../../lib\libpic30-elf.a(eedata_helper.eo)
                  0x000356                  __eedata_helper1
                  0x000380                  __eedata_helper2
                  0x000388                  __eedata_helper3
                  0x000394                  __eedata_helper4
 .libm.fixsfsi    0x0003a6         0x42 c:/program files (x86)/microchip/xc16/v1.33/bin/bin/../../lib\libfastm-elf.a(fixsfsi.eo)
                  0x0003a6                  _(float, int, long long, short, float, short, int)
 .libm.funpack    0x0003e8         0x2a c:/program files (x86)/microchip/xc16/v1.33/bin/bin/../../lib\libfastm-elf.a(funpack.eo)
                  0x0003e8                  __funpack
 .libmx           0x000412        0x10c c:/program files (x86)/microchip/xc16/v1.33/bin/bin/../../lib\libfastm-elf.a(mulsf3x.eo)
                  0x000412                  ___mulsf3x
                  0x000412                  ___mulsf3
 .libmx           0x00051e         0xda c:/program files (x86)/microchip/xc16/v1.33/bin/bin/../../lib\libfastm-elf.a(udivsi3x.eo)
                  0x00051e                  ___udivsi3
                  0x00051e                  ___udivsi3x
 .libmx           0x0005f8         0x5e c:/program files (x86)/microchip/xc16/v1.33/bin/bin/../../lib\libfastm-elf.a(unpackdnrmfx.eo)
                  0x0005f8                  __unpackdnrmf
 .libmx           0x000656         0x12 c:/program files (x86)/microchip/xc16/v1.33/bin/bin/../../lib\libfastm-elf.a(propnanfx.eo)
                  0x000656                  __propnanf
 .libmx           0x000668         0x54 c:/program files (x86)/microchip/xc16/v1.33/bin/bin/../../lib\libfastm-elf.a(dnrmpackfx.eo)
                  0x000668                  __dnrmpackf
 .libmx           0x0006bc         0x34 c:/program files (x86)/microchip/xc16/v1.33/bin/bin/../../lib\libfastm-elf.a(typefx.eo)
                  0x0006bc                  __typef
 .libc.strtof     0x0006f0        0x1c4 c:/program files (x86)/microchip/xc16/v1.33/bin/bin/../../lib\libc-elf.a(atof.eo)
                  0x0006f0                  _strtof
 .libc.strtod     0x0008b4          0x2 c:/program files (x86)/microchip/xc16/v1.33/bin/bin/../../lib\libc-elf.a(atof.eo)
                  0x0008b4                  _strtod
 .libc.atof       0x0008b6          0x4 c:/program files (x86)/microchip/xc16/v1.33/bin/bin/../../lib\libc-elf.a(atof.eo)
                  0x0008b6                  _atof
 .libc.atoi       0x0008ba         0x3e c:/program files (x86)/microchip/xc16/v1.33/bin/bin/../../lib\libc-elf.a(atoi.eo)
                  0x0008ba                  _atoi
 .libc.exit       0x0008f8          0x8 c:/program files (x86)/microchip/xc16/v1.33/bin/bin/../../lib\libc-elf.a(exit.eo)
                  0x0008f8                  _exit
 .libc.utoa       0x000900         0x34 c:/program files (x86)/microchip/xc16/v1.33/bin/bin/../../lib\libc-elf.a(itoa.eo)
                  0x000900                  _utoa
 .libc.itoa       0x000934         0x1c c:/program files (x86)/microchip/xc16/v1.33/bin/bin/../../lib\libc-elf.a(itoa.eo)
                  0x000934                  _itoa
 .libc._cleanup
                  0x000950          0x2 c:/program files (x86)/microchip/xc16/v1.33/bin/bin/../../lib\libc-elf.a(stdclean.eo)
                  0x000950                  __cleanup
 .libc.strcmp     0x000952          0xe c:/program files (x86)/microchip/xc16/v1.33/bin/bin/../../lib\libc-elf.a(strcmp.eo)
                  0x000952                  _strcmp
 .libc.strcpy     0x000960          0xc c:/program files (x86)/microchip/xc16/v1.33/bin/bin/../../lib\libc-elf.a(strcpy.eo)
                  0x000960                  _strcpy
 .libc.strlen     0x00096c          0xc c:/program files (x86)/microchip/xc16/v1.33/bin/bin/../../lib\libc-elf.a(strlen.eo)
                  0x00096c                  _strlen
 .libc.strtok     0x000978         0x3a c:/program files (x86)/microchip/xc16/v1.33/bin/bin/../../lib\libc-elf.a(strtok.eo)
                  0x000978                  _strtok
 .libc.strcspn    0x0009b2         0x26 c:/program files (x86)/microchip/xc16/v1.33/bin/bin/../../lib\libc-elf.a(strcspn.eo)
                  0x0009b2                  _strcspn
 .libc.strspn     0x0009d8         0x26 c:/program files (x86)/microchip/xc16/v1.33/bin/bin/../../lib\libc-elf.a(strspn.eo)
                  0x0009d8                  _strspn
 .libc.strchr     0x0009fe         0x1a c:/program files (x86)/microchip/xc16/v1.33/bin/bin/../../lib\libc-elf.a(strchr.elo)
                  0x0009fe                  _strchr
 .libm.eqsf2      0x000a18          0x4 c:/program files (x86)/microchip/xc16/v1.33/bin/bin/../../lib\libfastm-elf.a(feqltle.eo)
                  0x000a18                  ___eqsf2
                  0x000a18                  ___ltsf2
                  0x000a18                  ___lesf2
 .libm.gtsf2      0x000a1c          0x4 c:/program files (x86)/microchip/xc16/v1.33/bin/bin/../../lib\libfastm-elf.a(fgtge.eo)
                  0x000a1c                  ___gesf2
                  0x000a1c                  ___gtsf2
 .libm.floatsisf
                  0x000a20          0x6 c:/program files (x86)/microchip/xc16/v1.33/bin/bin/../../lib\libfastm-elf.a(floatsisf.eo)
                  0x000a20                  ___floatsisf
 .libm.mulsi3     0x000a26          0xc c:/program files (x86)/microchip/xc16/v1.33/bin/bin/../../lib\libfastm-elf.a(mulsi3.eo)
                  0x000a26                  ___mulp32peds3
                  0x000a26                  ___mulsi3
                  0x000a26                  ___mulp32eds3
 .libmx           0x000a32        0x1be c:/program files (x86)/microchip/xc16/v1.33/bin/bin/../../lib\libfastm-elf.a(divsf3x.eo)
                  0x000a32                  ___divsf3x
                  0x000a32                  ___divsf3
                  0x000bc4                  __sdivf
 .libmx           0x000bf0         0x66 c:/program files (x86)/microchip/xc16/v1.33/bin/bin/../../lib\libfastm-elf.a(unpackfx.eo)
                  0x000bf0                  __unpackf
 .libmx           0x000c56         0xa6 c:/program files (x86)/microchip/xc16/v1.33/bin/bin/../../lib\libfastm-elf.a(spackfx.eo)
                  0x000c56                  __spackf
 .libm.fcompare
                  0x000cfc         0x36 c:/program files (x86)/microchip/xc16/v1.33/bin/bin/../../lib\libfastm-elf.a(fcompare.eo)
                  0x000cfc                  __fcompare
 .libm.floatdisf
                  0x000d32         0x20 c:/program files (x86)/microchip/xc16/v1.33/bin/bin/../../lib\libfastm-elf.a(floatdisf.eo)
                  0x000d32                  ___floatdisf
 .libm.floatundisf
                  0x000d52         0x5e c:/program files (x86)/microchip/xc16/v1.33/bin/bin/../../lib\libfastm-elf.a(floatundisf.eo)
                  0x000d52                  ___floatundisf
 .libm.fpack      0x000db0         0x4c c:/program files (x86)/microchip/xc16/v1.33/bin/bin/../../lib\libfastm-elf.a(fpack.eo)
                  0x000db0                  __fpack
 .libm.funpack2
                  0x000dfc         0x10 c:/program files (x86)/microchip/xc16/v1.33/bin/bin/../../lib\libfastm-elf.a(funpack2.eo)
                  0x000dfc                  __funpack2

usercode
 *(usercode)

__FUID0
 *(__FUID0.sec*)

__FUID1
 *(__FUID1.sec*)

__FUID2
 *(__FUID2.sec*)

__FUID3
 *(__FUID3.sec*)

__FOSC
 *(__FOSC.sec*)

__FWDT
 *(__FWDT.sec*)

__FBORPOR
 *(__FBORPOR.sec*)

__RESERVED1
 *(__RESERVED1.sec*)

__RESERVED2
 *(__RESERVED2.sec*)

__FGS             0xf8000a          0x2
 *(__FGS.sec*)
 __FGS.sec        0xf8000a          0x2 FGS
                  0xf8000a                  __FGS.sec

__FICD
 *(__FICD.sec*)

user_eedata
 *(user_eedata)

userdata
 *(userdata)

.comment
 *(.comment)

.debug_info       0x000000       0x7583
 *(.debug_info)
 .debug_info      0x000000        0x160 build/simulator/production/Driver/driver.o
 .debug_info      0x000160        0x4cf build/simulator/production/Driver/eeprom.o
 .debug_info      0x00062f        0x7b3 build/simulator/production/Driver/encoder.o
 .debug_info      0x000de2        0x8fb build/simulator/production/Driver/ports.o
 .debug_info      0x0016dd        0xe56 build/simulator/production/Driver/pwm.o
 .debug_info      0x002533       0x102b build/simulator/production/Driver/uart.o
 .debug_info      0x00355e        0x53a build/simulator/production/Driver/timer.o
 .debug_info      0x003a98         0x8d build/simulator/production/Driver/timer_asm.o
 .debug_info      0x003b25        0xd30 build/simulator/production/Driver/adc.o
 .debug_info      0x004855         0xc0 build/simulator/production/Setting/configuration.o
 .debug_info      0x004915        0x14f build/simulator/production/main.o
 .debug_info      0x004a64        0x138 build/simulator/production/Setting/types.o
 .debug_info      0x004b9c        0x409 build/simulator/production/System/shell.o
 .debug_info      0x004fa5        0x8fe build/simulator/production/System/shell_bin.o
 .debug_info      0x0058a3        0xd5e build/simulator/production/System/shell_core.o
 .debug_info      0x006601        0x198 build/simulator/production/System/system.o
 .debug_info      0x006799        0x2c5 build/simulator/production/System/motor.o
 .debug_info      0x006a5e        0x430 build/simulator/production/System/shell_sbin.o
 .debug_info      0x006e8e        0x3f3 build/simulator/production/System/file.o
 .debug_info      0x007281        0x302 build/simulator/production/System/error.o
 *(.gnu.linkonce.wi.*)

.debug_abbrev     0x000000       0x1267
 *(.debug_abbrev)
 .debug_abbrev    0x000000         0x34 build/simulator/production/Driver/driver.o
 .debug_abbrev    0x000034        0x185 build/simulator/production/Driver/eeprom.o
 .debug_abbrev    0x0001b9        0x138 build/simulator/production/Driver/encoder.o
 .debug_abbrev    0x0002f1         0xed build/simulator/production/Driver/ports.o
 .debug_abbrev    0x0003de        0x13f build/simulator/production/Driver/pwm.o
 .debug_abbrev    0x00051d        0x17d build/simulator/production/Driver/uart.o
 .debug_abbrev    0x00069a        0x163 build/simulator/production/Driver/timer.o
 .debug_abbrev    0x0007fd         0x14 build/simulator/production/Driver/timer_asm.o
 .debug_abbrev    0x000811         0xff build/simulator/production/Driver/adc.o
 .debug_abbrev    0x000910         0x1f build/simulator/production/Setting/configuration.o
 .debug_abbrev    0x00092f         0x34 build/simulator/production/main.o
 .debug_abbrev    0x000963         0x1f build/simulator/production/Setting/types.o
 .debug_abbrev    0x000982         0xdc build/simulator/production/System/shell.o
 .debug_abbrev    0x000a5e        0x14f build/simulator/production/System/shell_bin.o
 .debug_abbrev    0x000bad        0x22a build/simulator/production/System/shell_core.o
 .debug_abbrev    0x000dd7         0x66 build/simulator/production/System/system.o
 .debug_abbrev    0x000e3d         0xdb build/simulator/production/System/motor.o
 .debug_abbrev    0x000f18        0x158 build/simulator/production/System/shell_sbin.o
 .debug_abbrev    0x001070        0x13f build/simulator/production/System/file.o
 .debug_abbrev    0x0011af         0xb8 build/simulator/production/System/error.o

.debug_line       0x000000        0xf70
 *(.debug_line)
 .debug_line      0x000000         0x44 build/simulator/production/Driver/driver.o
 .debug_line      0x000044         0xe7 build/simulator/production/Driver/eeprom.o
 .debug_line      0x00012b        0x12b build/simulator/production/Driver/encoder.o
 .debug_line      0x000256         0xe0 build/simulator/production/Driver/ports.o
 .debug_line      0x000336        0x141 build/simulator/production/Driver/pwm.o
 .debug_line      0x000477        0x177 build/simulator/production/Driver/uart.o
 .debug_line      0x0005ee         0xfc build/simulator/production/Driver/timer.o
 .debug_line      0x0006ea         0x61 build/simulator/production/Driver/timer_asm.o
 .debug_line      0x00074b         0xe8 build/simulator/production/Driver/adc.o
 .debug_line      0x000833         0x1a build/simulator/production/Setting/configuration.o
 .debug_line      0x00084d         0x37 build/simulator/production/main.o
 .debug_line      0x000884         0x1a build/simulator/production/Setting/types.o
 .debug_line      0x00089e         0xab build/simulator/production/System/shell.o
 .debug_line      0x000949        0x179 build/simulator/production/System/shell_bin.o
 .debug_line      0x000ac2        0x18f build/simulator/production/System/shell_core.o
 .debug_line      0x000c51         0x41 build/simulator/production/System/system.o
 .debug_line      0x000c92         0x9c build/simulator/production/System/motor.o
 .debug_line      0x000d2e         0xe0 build/simulator/production/System/shell_sbin.o
 .debug_line      0x000e0e         0xbd build/simulator/production/System/file.o
 .debug_line      0x000ecb         0xa5 build/simulator/production/System/error.o

.debug_frame      0x000000        0xf8a
 *(.debug_frame)
 .debug_frame     0x000000         0x30 build/simulator/production/Driver/driver.o
 .debug_frame     0x000030         0xbc build/simulator/production/Driver/eeprom.o
 .debug_frame     0x0000ec        0x11e build/simulator/production/Driver/encoder.o
 .debug_frame     0x00020a         0xd8 build/simulator/production/Driver/ports.o
 .debug_frame     0x0002e2        0x180 build/simulator/production/Driver/pwm.o
 .debug_frame     0x000462        0x2f2 build/simulator/production/Driver/uart.o
 .debug_frame     0x000754         0x84 build/simulator/production/Driver/timer.o
 .debug_frame     0x0007d8         0x4c build/simulator/production/Driver/adc.o
 .debug_frame     0x000824         0x30 build/simulator/production/main.o
 .debug_frame     0x000854         0x68 build/simulator/production/System/shell.o
 .debug_frame     0x0008bc        0x1a2 build/simulator/production/System/shell_bin.o
 .debug_frame     0x000a5e        0x324 build/simulator/production/System/shell_core.o
 .debug_frame     0x000d82         0x4c build/simulator/production/System/system.o
 .debug_frame     0x000dce         0x4c build/simulator/production/System/motor.o
 .debug_frame     0x000e1a         0x84 build/simulator/production/System/shell_sbin.o
 .debug_frame     0x000e9e         0xbc build/simulator/production/System/file.o
 .debug_frame     0x000f5a         0x30 build/simulator/production/System/error.o

.debug_str        0x000000        0x1b4
 *(.debug_str)
 .debug_str       0x000000         0x17 build/simulator/production/Driver/eeprom.o
 .debug_str       0x000017         0x29 build/simulator/production/Driver/encoder.o
 .debug_str       0x000040         0x50 build/simulator/production/Driver/ports.o
 .debug_str       0x000090         0x50 build/simulator/production/Driver/pwm.o
 .debug_str       0x0000e0         0x4c build/simulator/production/Driver/uart.o
 .debug_str       0x00012c          0xa build/simulator/production/Driver/timer.o
 .debug_str       0x000136         0x57 build/simulator/production/Driver/adc.o
 .debug_str       0x00018d          0xa build/simulator/production/System/shell_bin.o
 .debug_str       0x000197         0x14 build/simulator/production/System/shell_core.o
 .debug_str       0x0001ab          0x9 build/simulator/production/System/shell_sbin.o

.debug_loc
 *(.debug_loc)

.debug_macinfo
 *(.debug_macinfo)

.debug_pubnames
                  0x000000        0x965
 *(.debug_pubnames)
 .debug_pubnames
                  0x000000         0x23 build/simulator/production/Driver/driver.o
 .debug_pubnames
                  0x000023         0x8c build/simulator/production/Driver/eeprom.o
 .debug_pubnames
                  0x0000af         0xc8 build/simulator/production/Driver/encoder.o
 .debug_pubnames
                  0x000177         0x80 build/simulator/production/Driver/ports.o
 .debug_pubnames
                  0x0001f7         0xdc build/simulator/production/Driver/pwm.o
 .debug_pubnames
                  0x0002d3        0x179 build/simulator/production/Driver/uart.o
 .debug_pubnames
                  0x00044c         0x5c build/simulator/production/Driver/timer.o
 .debug_pubnames
                  0x0004a8         0x30 build/simulator/production/Driver/adc.o
 .debug_pubnames
                  0x0004d8         0x1b build/simulator/production/main.o
 .debug_pubnames
                  0x0004f3         0x21 build/simulator/production/System/shell.o
 .debug_pubnames
                  0x000514         0xbd build/simulator/production/System/shell_bin.o
 .debug_pubnames
                  0x0005d1        0x25a build/simulator/production/System/shell_core.o
 .debug_pubnames
                  0x00082b         0x36 build/simulator/production/System/system.o
 .debug_pubnames
                  0x000861         0x30 build/simulator/production/System/motor.o
 .debug_pubnames
                  0x000891         0x3c build/simulator/production/System/shell_sbin.o
 .debug_pubnames
                  0x0008cd         0x6c build/simulator/production/System/file.o
 .debug_pubnames
                  0x000939         0x2c build/simulator/production/System/error.o

.debug_ranges
 *(.debug_ranges)

.debug_aranges    0x000000        0x1b0
 *(.debug_aranges)
 .debug_aranges
                  0x000000         0x18 build/simulator/production/Driver/driver.o
 .debug_aranges
                  0x000018         0x18 build/simulator/production/Driver/eeprom.o
 .debug_aranges
                  0x000030         0x18 build/simulator/production/Driver/encoder.o
 .debug_aranges
                  0x000048         0x18 build/simulator/production/Driver/ports.o
 .debug_aranges
                  0x000060         0x18 build/simulator/production/Driver/pwm.o
 .debug_aranges
                  0x000078         0x18 build/simulator/production/Driver/uart.o
 .debug_aranges
                  0x000090         0x18 build/simulator/production/Driver/timer.o
 .debug_aranges
                  0x0000a8         0x18 build/simulator/production/Driver/timer_asm.o
 .debug_aranges
                  0x0000c0         0x18 build/simulator/production/Driver/adc.o
 .debug_aranges
                  0x0000d8         0x18 build/simulator/production/main.o
 .debug_aranges
                  0x0000f0         0x18 build/simulator/production/System/shell.o
 .debug_aranges
                  0x000108         0x18 build/simulator/production/System/shell_bin.o
 .debug_aranges
                  0x000120         0x18 build/simulator/production/System/shell_core.o
 .debug_aranges
                  0x000138         0x18 build/simulator/production/System/system.o
 .debug_aranges
                  0x000150         0x18 build/simulator/production/System/motor.o
 .debug_aranges
                  0x000168         0x18 build/simulator/production/System/shell_sbin.o
 .debug_aranges
                  0x000180         0x18 build/simulator/production/System/file.o
 .debug_aranges
                  0x000198         0x18 build/simulator/production/System/error.o
                    0x0000                  WREG0 = 0x0
                    0x0000                  _WREG0 = 0x0
                    0x0002                  WREG1 = 0x2
                    0x0002                  _WREG1 = 0x2
                    0x0004                  WREG2 = 0x4
                    0x0004                  _WREG2 = 0x4
                    0x0006                  WREG3 = 0x6
                    0x0006                  _WREG3 = 0x6
                    0x0008                  WREG4 = 0x8
                    0x0008                  _WREG4 = 0x8
                    0x000a                  WREG5 = 0xa
                    0x000a                  _WREG5 = 0xa
                    0x000c                  WREG6 = 0xc
                    0x000c                  _WREG6 = 0xc
                    0x000e                  WREG7 = 0xe
                    0x000e                  _WREG7 = 0xe
                    0x0010                  WREG8 = 0x10
                    0x0010                  _WREG8 = 0x10
                    0x0012                  WREG9 = 0x12
                    0x0012                  _WREG9 = 0x12
                    0x0014                  WREG10 = 0x14
                    0x0014                  _WREG10 = 0x14
                    0x0016                  WREG11 = 0x16
                    0x0016                  _WREG11 = 0x16
                    0x0018                  WREG12 = 0x18
                    0x0018                  _WREG12 = 0x18
                    0x001a                  WREG13 = 0x1a
                    0x001a                  _WREG13 = 0x1a
                    0x001c                  WREG14 = 0x1c
                    0x001c                  _WREG14 = 0x1c
                    0x001e                  WREG15 = 0x1e
                    0x001e                  _WREG15 = 0x1e
                    0x0020                  SPLIM = 0x20
                    0x0020                  _SPLIM = 0x20
                    0x0022                  ACCAL = 0x22
                    0x0022                  _ACCAL = 0x22
                    0x0024                  ACCAH = 0x24
                    0x0024                  _ACCAH = 0x24
                    0x0026                  ACCAU = 0x26
                    0x0026                  _ACCAU = 0x26
                    0x0028                  ACCBL = 0x28
                    0x0028                  _ACCBL = 0x28
                    0x002a                  ACCBH = 0x2a
                    0x002a                  _ACCBH = 0x2a
                    0x002c                  ACCBU = 0x2c
                    0x002c                  _ACCBU = 0x2c
                    0x002e                  PCL = 0x2e
                    0x002e                  _PCL = 0x2e
                    0x0030                  PCH = 0x30
                    0x0030                  _PCH = 0x30
                    0x0032                  TBLPAG = 0x32
                    0x0032                  _TBLPAG = 0x32
                    0x0034                  PSVPAG = 0x34
                    0x0034                  _PSVPAG = 0x34
                    0x0036                  RCOUNT = 0x36
                    0x0036                  _RCOUNT = 0x36
                    0x0038                  DCOUNT = 0x38
                    0x0038                  _DCOUNT = 0x38
                    0x003a                  DOSTARTL = 0x3a
                    0x003a                  _DOSTARTL = 0x3a
                    0x003c                  DOSTARTH = 0x3c
                    0x003c                  _DOSTARTH = 0x3c
                    0x003e                  DOENDL = 0x3e
                    0x003e                  _DOENDL = 0x3e
                    0x0040                  DOENDH = 0x40
                    0x0040                  _DOENDH = 0x40
                    0x0042                  SR = 0x42
                    0x0042                  _SR = 0x42
                    0x0042                  _SRbits = 0x42
                    0x0044                  CORCON = 0x44
                    0x0044                  _CORCON = 0x44
                    0x0044                  _CORCONbits = 0x44
                    0x0046                  MODCON = 0x46
                    0x0046                  _MODCON = 0x46
                    0x0046                  _MODCONbits = 0x46
                    0x0048                  XMODSRT = 0x48
                    0x0048                  _XMODSRT = 0x48
                    0x004a                  XMODEND = 0x4a
                    0x004a                  _XMODEND = 0x4a
                    0x004c                  YMODSRT = 0x4c
                    0x004c                  _YMODSRT = 0x4c
                    0x004e                  YMODEND = 0x4e
                    0x004e                  _YMODEND = 0x4e
                    0x0050                  XBREV = 0x50
                    0x0050                  _XBREV = 0x50
                    0x0050                  _XBREVbits = 0x50
                    0x0052                  DISICNT = 0x52
                    0x0052                  _DISICNT = 0x52
                    0x0052                  _DISICNTbits = 0x52
                    0x0080                  INTCON1 = 0x80
                    0x0080                  _INTCON1 = 0x80
                    0x0080                  _INTCON1bits = 0x80
                    0x0082                  INTCON2 = 0x82
                    0x0082                  _INTCON2 = 0x82
                    0x0082                  _INTCON2bits = 0x82
                    0x0084                  IFS0 = 0x84
                    0x0084                  _IFS0 = 0x84
                    0x0084                  _IFS0bits = 0x84
                    0x0086                  IFS1 = 0x86
                    0x0086                  _IFS1 = 0x86
                    0x0086                  _IFS1bits = 0x86
                    0x0088                  IFS2 = 0x88
                    0x0088                  _IFS2 = 0x88
                    0x0088                  _IFS2bits = 0x88
                    0x008c                  IEC0 = 0x8c
                    0x008c                  _IEC0 = 0x8c
                    0x008c                  _IEC0bits = 0x8c
                    0x008e                  IEC1 = 0x8e
                    0x008e                  _IEC1 = 0x8e
                    0x008e                  _IEC1bits = 0x8e
                    0x0090                  IEC2 = 0x90
                    0x0090                  _IEC2 = 0x90
                    0x0090                  _IEC2bits = 0x90
                    0x0094                  IPC0 = 0x94
                    0x0094                  _IPC0 = 0x94
                    0x0094                  _IPC0bits = 0x94
                    0x0096                  IPC1 = 0x96
                    0x0096                  _IPC1 = 0x96
                    0x0096                  _IPC1bits = 0x96
                    0x0098                  IPC2 = 0x98
                    0x0098                  _IPC2 = 0x98
                    0x0098                  _IPC2bits = 0x98
                    0x009a                  IPC3 = 0x9a
                    0x009a                  _IPC3 = 0x9a
                    0x009a                  _IPC3bits = 0x9a
                    0x009c                  IPC4 = 0x9c
                    0x009c                  _IPC4 = 0x9c
                    0x009c                  _IPC4bits = 0x9c
                    0x009e                  IPC5 = 0x9e
                    0x009e                  _IPC5 = 0x9e
                    0x009e                  _IPC5bits = 0x9e
                    0x00a0                  IPC6 = 0xa0
                    0x00a0                  _IPC6 = 0xa0
                    0x00a0                  _IPC6bits = 0xa0
                    0x00a6                  IPC9 = 0xa6
                    0x00a6                  _IPC9 = 0xa6
                    0x00a6                  _IPC9bits = 0xa6
                    0x00a8                  IPC10 = 0xa8
                    0x00a8                  _IPC10 = 0xa8
                    0x00a8                  _IPC10bits = 0xa8
                    0x00b0                  INTTREG = 0xb0
                    0x00b0                  _INTTREG = 0xb0
                    0x00b0                  _INTTREGbits = 0xb0
                    0x00c0                  CNEN1 = 0xc0
                    0x00c0                  _CNEN1 = 0xc0
                    0x00c0                  _CNEN1bits = 0xc0
                    0x00c4                  CNPU1 = 0xc4
                    0x00c4                  _CNPU1 = 0xc4
                    0x00c4                  _CNPU1bits = 0xc4
                    0x0100                  TMR1 = 0x100
                    0x0100                  _TMR1 = 0x100
                    0x0102                  PR1 = 0x102
                    0x0102                  _PR1 = 0x102
                    0x0104                  T1CON = 0x104
                    0x0104                  _T1CON = 0x104
                    0x0104                  _T1CONbits = 0x104
                    0x0106                  TMR2 = 0x106
                    0x0106                  _TMR2 = 0x106
                    0x0108                  TMR3HLD = 0x108
                    0x0108                  _TMR3HLD = 0x108
                    0x010a                  TMR3 = 0x10a
                    0x010a                  _TMR3 = 0x10a
                    0x010c                  PR2 = 0x10c
                    0x010c                  _PR2 = 0x10c
                    0x010e                  PR3 = 0x10e
                    0x010e                  _PR3 = 0x10e
                    0x0110                  T2CON = 0x110
                    0x0110                  _T2CON = 0x110
                    0x0110                  _T2CONbits = 0x110
                    0x0112                  T3CON = 0x112
                    0x0112                  _T3CON = 0x112
                    0x0112                  _T3CONbits = 0x112
                    0x0114                  TMR4 = 0x114
                    0x0114                  _TMR4 = 0x114
                    0x0116                  TMR5HLD = 0x116
                    0x0116                  _TMR5HLD = 0x116
                    0x0118                  TMR5 = 0x118
                    0x0118                  _TMR5 = 0x118
                    0x011a                  PR4 = 0x11a
                    0x011a                  _PR4 = 0x11a
                    0x011c                  PR5 = 0x11c
                    0x011c                  _PR5 = 0x11c
                    0x011e                  T4CON = 0x11e
                    0x011e                  _T4CON = 0x11e
                    0x011e                  _T4CONbits = 0x11e
                    0x0120                  T5CON = 0x120
                    0x0120                  _T5CON = 0x120
                    0x0120                  _T5CONbits = 0x120
                    0x0122                  QEICON = 0x122
                    0x0122                  _QEICON = 0x122
                    0x0122                  _QEICONbits = 0x122
                    0x0124                  DFLTCON = 0x124
                    0x0124                  _DFLTCON = 0x124
                    0x0124                  _DFLTCONbits = 0x124
                    0x0126                  POSCNT = 0x126
                    0x0126                  _POSCNT = 0x126
                    0x0128                  MAXCNT = 0x128
                    0x0128                  _MAXCNT = 0x128
                    0x0140                  IC1BUF = 0x140
                    0x0140                  _IC1BUF = 0x140
                    0x0142                  IC1CON = 0x142
                    0x0142                  _IC1CON = 0x142
                    0x0142                  _IC1CONbits = 0x142
                    0x0144                  IC2BUF = 0x144
                    0x0144                  _IC2BUF = 0x144
                    0x0146                  IC2CON = 0x146
                    0x0146                  _IC2CON = 0x146
                    0x0146                  _IC2CONbits = 0x146
                    0x0158                  IC7BUF = 0x158
                    0x0158                  _IC7BUF = 0x158
                    0x015a                  IC7CON = 0x15a
                    0x015a                  _IC7CON = 0x15a
                    0x015a                  _IC7CONbits = 0x15a
                    0x015c                  IC8BUF = 0x15c
                    0x015c                  _IC8BUF = 0x15c
                    0x015e                  IC8CON = 0x15e
                    0x015e                  _IC8CON = 0x15e
                    0x015e                  _IC8CONbits = 0x15e
                    0x0180                  OC1RS = 0x180
                    0x0180                  _OC1RS = 0x180
                    0x0182                  OC1R = 0x182
                    0x0182                  _OC1R = 0x182
                    0x0184                  OC1CON = 0x184
                    0x0184                  _OC1CON = 0x184
                    0x0184                  _OC1CONbits = 0x184
                    0x0186                  OC2RS = 0x186
                    0x0186                  _OC2RS = 0x186
                    0x0188                  OC2R = 0x188
                    0x0188                  _OC2R = 0x188
                    0x018a                  OC2CON = 0x18a
                    0x018a                  _OC2CON = 0x18a
                    0x018a                  _OC2CONbits = 0x18a
                    0x01c0                  PTCON = 0x1c0
                    0x01c0                  _PTCON = 0x1c0
                    0x01c0                  _PTCONbits = 0x1c0
                    0x01c2                  PTMR = 0x1c2
                    0x01c2                  _PTMR = 0x1c2
                    0x01c2                  _PTMRbits = 0x1c2
                    0x01c4                  PTPER = 0x1c4
                    0x01c4                  _PTPER = 0x1c4
                    0x01c4                  _PTPERbits = 0x1c4
                    0x01c6                  SEVTCMP = 0x1c6
                    0x01c6                  _SEVTCMP = 0x1c6
                    0x01c6                  _SEVTCMPbits = 0x1c6
                    0x01c8                  PWMCON1 = 0x1c8
                    0x01c8                  _PWMCON1 = 0x1c8
                    0x01c8                  _PWMCON1bits = 0x1c8
                    0x01ca                  PWMCON2 = 0x1ca
                    0x01ca                  _PWMCON2 = 0x1ca
                    0x01ca                  _PWMCON2bits = 0x1ca
                    0x01cc                  DTCON1 = 0x1cc
                    0x01cc                  _DTCON1 = 0x1cc
                    0x01cc                  _DTCON1bits = 0x1cc
                    0x01d0                  FLTACON = 0x1d0
                    0x01d0                  _FLTACON = 0x1d0
                    0x01d0                  _FLTACONbits = 0x1d0
                    0x01d4                  OVDCON = 0x1d4
                    0x01d4                  _OVDCON = 0x1d4
                    0x01d4                  _OVDCONbits = 0x1d4
                    0x01d6                  PDC1 = 0x1d6
                    0x01d6                  _PDC1 = 0x1d6
                    0x01d8                  PDC2 = 0x1d8
                    0x01d8                  _PDC2 = 0x1d8
                    0x01da                  PDC3 = 0x1da
                    0x01da                  _PDC3 = 0x1da
                    0x0200                  I2CRCV = 0x200
                    0x0200                  _I2CRCV = 0x200
                    0x0200                  _I2CRCVbits = 0x200
                    0x0202                  I2CTRN = 0x202
                    0x0202                  _I2CTRN = 0x202
                    0x0202                  _I2CTRNbits = 0x202
                    0x0204                  I2CBRG = 0x204
                    0x0204                  _I2CBRG = 0x204
                    0x0204                  _I2CBRGbits = 0x204
                    0x0206                  I2CCON = 0x206
                    0x0206                  _I2CCON = 0x206
                    0x0206                  _I2CCONbits = 0x206
                    0x0208                  I2CSTAT = 0x208
                    0x0208                  _I2CSTAT = 0x208
                    0x0208                  _I2CSTATbits = 0x208
                    0x020a                  I2CADD = 0x20a
                    0x020a                  _I2CADD = 0x20a
                    0x020a                  _I2CADDbits = 0x20a
                    0x020c                  U1MODE = 0x20c
                    0x020c                  _U1MODE = 0x20c
                    0x020c                  _U1MODEbits = 0x20c
                    0x020e                  U1STA = 0x20e
                    0x020e                  _U1STA = 0x20e
                    0x020e                  _U1STAbits = 0x20e
                    0x0210                  U1TXREG = 0x210
                    0x0210                  _U1TXREG = 0x210
                    0x0210                  _U1TXREGbits = 0x210
                    0x0212                  U1RXREG = 0x212
                    0x0212                  _U1RXREG = 0x212
                    0x0212                  _U1RXREGbits = 0x212
                    0x0214                  U1BRG = 0x214
                    0x0214                  _U1BRG = 0x214
                    0x0220                  SPI1STAT = 0x220
                    0x0220                  _SPI1STAT = 0x220
                    0x0220                  _SPI1STATbits = 0x220
                    0x0222                  SPI1CON = 0x222
                    0x0222                  _SPI1CON = 0x222
                    0x0222                  _SPI1CONbits = 0x222
                    0x0224                  SPI1BUF = 0x224
                    0x0224                  _SPI1BUF = 0x224
                    0x0280                  ADCBUF0 = 0x280
                    0x0280                  _ADCBUF0 = 0x280
                    0x0282                  ADCBUF1 = 0x282
                    0x0282                  _ADCBUF1 = 0x282
                    0x0284                  ADCBUF2 = 0x284
                    0x0284                  _ADCBUF2 = 0x284
                    0x0286                  ADCBUF3 = 0x286
                    0x0286                  _ADCBUF3 = 0x286
                    0x0288                  ADCBUF4 = 0x288
                    0x0288                  _ADCBUF4 = 0x288
                    0x028a                  ADCBUF5 = 0x28a
                    0x028a                  _ADCBUF5 = 0x28a
                    0x028c                  ADCBUF6 = 0x28c
                    0x028c                  _ADCBUF6 = 0x28c
                    0x028e                  ADCBUF7 = 0x28e
                    0x028e                  _ADCBUF7 = 0x28e
                    0x0290                  ADCBUF8 = 0x290
                    0x0290                  _ADCBUF8 = 0x290
                    0x0292                  ADCBUF9 = 0x292
                    0x0292                  _ADCBUF9 = 0x292
                    0x0294                  ADCBUFA = 0x294
                    0x0294                  _ADCBUFA = 0x294
                    0x0296                  ADCBUFB = 0x296
                    0x0296                  _ADCBUFB = 0x296
                    0x0298                  ADCBUFC = 0x298
                    0x0298                  _ADCBUFC = 0x298
                    0x029a                  ADCBUFD = 0x29a
                    0x029a                  _ADCBUFD = 0x29a
                    0x029c                  ADCBUFE = 0x29c
                    0x029c                  _ADCBUFE = 0x29c
                    0x029e                  ADCBUFF = 0x29e
                    0x029e                  _ADCBUFF = 0x29e
                    0x02a0                  ADCON1 = 0x2a0
                    0x02a0                  _ADCON1 = 0x2a0
                    0x02a0                  _ADCON1bits = 0x2a0
                    0x02a2                  ADCON2 = 0x2a2
                    0x02a2                  _ADCON2 = 0x2a2
                    0x02a2                  _ADCON2bits = 0x2a2
                    0x02a4                  ADCON3 = 0x2a4
                    0x02a4                  _ADCON3 = 0x2a4
                    0x02a4                  _ADCON3bits = 0x2a4
                    0x02a6                  ADCHS = 0x2a6
                    0x02a6                  _ADCHS = 0x2a6
                    0x02a6                  _ADCHSbits = 0x2a6
                    0x02a8                  ADPCFG = 0x2a8
                    0x02a8                  _ADPCFG = 0x2a8
                    0x02a8                  _ADPCFGbits = 0x2a8
                    0x02aa                  ADCSSL = 0x2aa
                    0x02aa                  _ADCSSL = 0x2aa
                    0x02aa                  _ADCSSLbits = 0x2aa
                    0x02c6                  TRISB = 0x2c6
                    0x02c6                  _TRISB = 0x2c6
                    0x02c6                  _TRISBbits = 0x2c6
                    0x02c8                  PORTB = 0x2c8
                    0x02c8                  _PORTB = 0x2c8
                    0x02c8                  _PORTBbits = 0x2c8
                    0x02ca                  LATB = 0x2ca
                    0x02ca                  _LATB = 0x2ca
                    0x02ca                  _LATBbits = 0x2ca
                    0x02cc                  TRISC = 0x2cc
                    0x02cc                  _TRISC = 0x2cc
                    0x02cc                  _TRISCbits = 0x2cc
                    0x02ce                  PORTC = 0x2ce
                    0x02ce                  _PORTC = 0x2ce
                    0x02ce                  _PORTCbits = 0x2ce
                    0x02d0                  LATC = 0x2d0
                    0x02d0                  _LATC = 0x2d0
                    0x02d0                  _LATCbits = 0x2d0
                    0x02d2                  TRISD = 0x2d2
                    0x02d2                  _TRISD = 0x2d2
                    0x02d2                  _TRISDbits = 0x2d2
                    0x02d4                  PORTD = 0x2d4
                    0x02d4                  _PORTD = 0x2d4
                    0x02d4                  _PORTDbits = 0x2d4
                    0x02d6                  LATD = 0x2d6
                    0x02d6                  _LATD = 0x2d6
                    0x02d6                  _LATDbits = 0x2d6
                    0x02d8                  TRISE = 0x2d8
                    0x02d8                  _TRISE = 0x2d8
                    0x02d8                  _TRISEbits = 0x2d8
                    0x02da                  PORTE = 0x2da
                    0x02da                  _PORTE = 0x2da
                    0x02da                  _PORTEbits = 0x2da
                    0x02dc                  LATE = 0x2dc
                    0x02dc                  _LATE = 0x2dc
                    0x02dc                  _LATEbits = 0x2dc
                    0x02de                  TRISF = 0x2de
                    0x02de                  _TRISF = 0x2de
                    0x02de                  _TRISFbits = 0x2de
                    0x02e0                  PORTF = 0x2e0
                    0x02e0                  _PORTF = 0x2e0
                    0x02e0                  _PORTFbits = 0x2e0
                    0x02e2                  LATF = 0x2e2
                    0x02e2                  _LATF = 0x2e2
                    0x02e2                  _LATFbits = 0x2e2
                    0x0300                  C1RXF0SID = 0x300
                    0x0300                  _C1RXF0SID = 0x300
                    0x0300                  _C1RXF0SIDbits = 0x300
                    0x0302                  C1RXF0EIDH = 0x302
                    0x0302                  _C1RXF0EIDH = 0x302
                    0x0302                  _C1RXF0EIDHbits = 0x302
                    0x0304                  C1RXF0EIDL = 0x304
                    0x0304                  _C1RXF0EIDL = 0x304
                    0x0304                  _C1RXF0EIDLbits = 0x304
                    0x0308                  C1RXF1SID = 0x308
                    0x0308                  _C1RXF1SID = 0x308
                    0x0308                  _C1RXF1SIDbits = 0x308
                    0x030a                  C1RXF1EIDH = 0x30a
                    0x030a                  _C1RXF1EIDH = 0x30a
                    0x030a                  _C1RXF1EIDHbits = 0x30a
                    0x030c                  C1RXF1EIDL = 0x30c
                    0x030c                  _C1RXF1EIDL = 0x30c
                    0x030c                  _C1RXF1EIDLbits = 0x30c
                    0x0310                  C1RXF2SID = 0x310
                    0x0310                  _C1RXF2SID = 0x310
                    0x0310                  _C1RXF2SIDbits = 0x310
                    0x0312                  C1RXF2EIDH = 0x312
                    0x0312                  _C1RXF2EIDH = 0x312
                    0x0312                  _C1RXF2EIDHbits = 0x312
                    0x0314                  C1RXF2EIDL = 0x314
                    0x0314                  _C1RXF2EIDL = 0x314
                    0x0314                  _C1RXF2EIDLbits = 0x314
                    0x0318                  C1RXF3SID = 0x318
                    0x0318                  _C1RXF3SID = 0x318
                    0x0318                  _C1RXF3SIDbits = 0x318
                    0x031a                  C1RXF3EIDH = 0x31a
                    0x031a                  _C1RXF3EIDH = 0x31a
                    0x031a                  _C1RXF3EIDHbits = 0x31a
                    0x031c                  C1RXF3EIDL = 0x31c
                    0x031c                  _C1RXF3EIDL = 0x31c
                    0x031c                  _C1RXF3EIDLbits = 0x31c
                    0x0320                  C1RXF4SID = 0x320
                    0x0320                  _C1RXF4SID = 0x320
                    0x0320                  _C1RXF4SIDbits = 0x320
                    0x0322                  C1RXF4EIDH = 0x322
                    0x0322                  _C1RXF4EIDH = 0x322
                    0x0322                  _C1RXF4EIDHbits = 0x322
                    0x0324                  C1RXF4EIDL = 0x324
                    0x0324                  _C1RXF4EIDL = 0x324
                    0x0324                  _C1RXF4EIDLbits = 0x324
                    0x0328                  C1RXF5SID = 0x328
                    0x0328                  _C1RXF5SID = 0x328
                    0x0328                  _C1RXF5SIDbits = 0x328
                    0x032a                  C1RXF5EIDH = 0x32a
                    0x032a                  _C1RXF5EIDH = 0x32a
                    0x032a                  _C1RXF5EIDHbits = 0x32a
                    0x032c                  C1RXF5EIDL = 0x32c
                    0x032c                  _C1RXF5EIDL = 0x32c
                    0x032c                  _C1RXF5EIDLbits = 0x32c
                    0x0330                  C1RXM0SID = 0x330
                    0x0330                  _C1RXM0SID = 0x330
                    0x0330                  _C1RXM0SIDbits = 0x330
                    0x0332                  C1RXM0EIDH = 0x332
                    0x0332                  _C1RXM0EIDH = 0x332
                    0x0332                  _C1RXM0EIDHbits = 0x332
                    0x0334                  C1RXM0EIDL = 0x334
                    0x0334                  _C1RXM0EIDL = 0x334
                    0x0334                  _C1RXM0EIDLbits = 0x334
                    0x0338                  C1RXM1SID = 0x338
                    0x0338                  _C1RXM1SID = 0x338
                    0x0338                  _C1RXM1SIDbits = 0x338
                    0x033a                  C1RXM1EIDH = 0x33a
                    0x033a                  _C1RXM1EIDH = 0x33a
                    0x033a                  _C1RXM1EIDHbits = 0x33a
                    0x033c                  C1RXM1EIDL = 0x33c
                    0x033c                  _C1RXM1EIDL = 0x33c
                    0x033c                  _C1RXM1EIDLbits = 0x33c
                    0x0340                  C1TX2SID = 0x340
                    0x0340                  _C1TX2SID = 0x340
                    0x0340                  _C1TX2SIDbits = 0x340
                    0x0342                  C1TX2EID = 0x342
                    0x0342                  _C1TX2EID = 0x342
                    0x0342                  _C1TX2EIDbits = 0x342
                    0x0344                  C1TX2DLC = 0x344
                    0x0344                  _C1TX2DLC = 0x344
                    0x0344                  _C1TX2DLCbits = 0x344
                    0x0346                  C1TX2B1 = 0x346
                    0x0346                  _C1TX2B1 = 0x346
                    0x0346                  _C1TX2B1bits = 0x346
                    0x0348                  C1TX2B2 = 0x348
                    0x0348                  _C1TX2B2 = 0x348
                    0x0348                  _C1TX2B2bits = 0x348
                    0x034a                  C1TX2B3 = 0x34a
                    0x034a                  _C1TX2B3 = 0x34a
                    0x034a                  _C1TX2B3bits = 0x34a
                    0x034c                  C1TX2B4 = 0x34c
                    0x034c                  _C1TX2B4 = 0x34c
                    0x034c                  _C1TX2B4bits = 0x34c
                    0x034e                  C1TX2CON = 0x34e
                    0x034e                  _C1TX2CON = 0x34e
                    0x034e                  _C1TX2CONbits = 0x34e
                    0x0350                  C1TX1SID = 0x350
                    0x0350                  _C1TX1SID = 0x350
                    0x0350                  _C1TX1SIDbits = 0x350
                    0x0352                  C1TX1EID = 0x352
                    0x0352                  _C1TX1EID = 0x352
                    0x0352                  _C1TX1EIDbits = 0x352
                    0x0354                  C1TX1DLC = 0x354
                    0x0354                  _C1TX1DLC = 0x354
                    0x0354                  _C1TX1DLCbits = 0x354
                    0x0356                  C1TX1B1 = 0x356
                    0x0356                  _C1TX1B1 = 0x356
                    0x0356                  _C1TX1B1bits = 0x356
                    0x0358                  C1TX1B2 = 0x358
                    0x0358                  _C1TX1B2 = 0x358
                    0x0358                  _C1TX1B2bits = 0x358
                    0x035a                  C1TX1B3 = 0x35a
                    0x035a                  _C1TX1B3 = 0x35a
                    0x035a                  _C1TX1B3bits = 0x35a
                    0x035c                  C1TX1B4 = 0x35c
                    0x035c                  _C1TX1B4 = 0x35c
                    0x035c                  _C1TX1B4bits = 0x35c
                    0x035e                  C1TX1CON = 0x35e
                    0x035e                  _C1TX1CON = 0x35e
                    0x035e                  _C1TX1CONbits = 0x35e
                    0x0360                  C1TX0SID = 0x360
                    0x0360                  _C1TX0SID = 0x360
                    0x0360                  _C1TX0SIDbits = 0x360
                    0x0362                  C1TX0EID = 0x362
                    0x0362                  _C1TX0EID = 0x362
                    0x0362                  _C1TX0EIDbits = 0x362
                    0x0364                  C1TX0DLC = 0x364
                    0x0364                  _C1TX0DLC = 0x364
                    0x0364                  _C1TX0DLCbits = 0x364
                    0x0366                  C1TX0B1 = 0x366
                    0x0366                  _C1TX0B1 = 0x366
                    0x0366                  _C1TX0B1bits = 0x366
                    0x0368                  C1TX0B2 = 0x368
                    0x0368                  _C1TX0B2 = 0x368
                    0x0368                  _C1TX0B2bits = 0x368
                    0x036a                  C1TX0B3 = 0x36a
                    0x036a                  _C1TX0B3 = 0x36a
                    0x036a                  _C1TX0B3bits = 0x36a
                    0x036c                  C1TX0B4 = 0x36c
                    0x036c                  _C1TX0B4 = 0x36c
                    0x036c                  _C1TX0B4bits = 0x36c
                    0x036e                  C1TX0CON = 0x36e
                    0x036e                  _C1TX0CON = 0x36e
                    0x036e                  _C1TX0CONbits = 0x36e
                    0x0370                  C1RX1SID = 0x370
                    0x0370                  _C1RX1SID = 0x370
                    0x0370                  _C1RX1SIDbits = 0x370
                    0x0372                  C1RX1EID = 0x372
                    0x0372                  _C1RX1EID = 0x372
                    0x0372                  _C1RX1EIDbits = 0x372
                    0x0374                  C1RX1DLC = 0x374
                    0x0374                  _C1RX1DLC = 0x374
                    0x0374                  _C1RX1DLCbits = 0x374
                    0x0376                  C1RX1B1 = 0x376
                    0x0376                  _C1RX1B1 = 0x376
                    0x0376                  _C1RX1B1bits = 0x376
                    0x0378                  C1RX1B2 = 0x378
                    0x0378                  _C1RX1B2 = 0x378
                    0x0378                  _C1RX1B2bits = 0x378
                    0x037a                  C1RX1B3 = 0x37a
                    0x037a                  _C1RX1B3 = 0x37a
                    0x037a                  _C1RX1B3bits = 0x37a
                    0x037c                  C1RX1B4 = 0x37c
                    0x037c                  _C1RX1B4 = 0x37c
                    0x037c                  _C1RX1B4bits = 0x37c
                    0x037e                  C1RX1CON = 0x37e
                    0x037e                  _C1RX1CON = 0x37e
                    0x037e                  _C1RX1CONbits = 0x37e
                    0x0380                  C1RX0SID = 0x380
                    0x0380                  _C1RX0SID = 0x380
                    0x0380                  _C1RX0SIDbits = 0x380
                    0x0382                  C1RX0EID = 0x382
                    0x0382                  _C1RX0EID = 0x382
                    0x0382                  _C1RX0EIDbits = 0x382
                    0x0384                  C1RX0DLC = 0x384
                    0x0384                  _C1RX0DLC = 0x384
                    0x0384                  _C1RX0DLCbits = 0x384
                    0x0386                  C1RX0B1 = 0x386
                    0x0386                  _C1RX0B1 = 0x386
                    0x0386                  _C1RX0B1bits = 0x386
                    0x0388                  C1RX0B2 = 0x388
                    0x0388                  _C1RX0B2 = 0x388
                    0x0388                  _C1RX0B2bits = 0x388
                    0x038a                  C1RX0B3 = 0x38a
                    0x038a                  _C1RX0B3 = 0x38a
                    0x038a                  _C1RX0B3bits = 0x38a
                    0x038c                  C1RX0B4 = 0x38c
                    0x038c                  _C1RX0B4 = 0x38c
                    0x038c                  _C1RX0B4bits = 0x38c
                    0x038e                  C1RX0CON = 0x38e
                    0x038e                  _C1RX0CON = 0x38e
                    0x038e                  _C1RX0CONbits = 0x38e
                    0x0390                  C1CTRL = 0x390
                    0x0390                  _C1CTRL = 0x390
                    0x0390                  _C1CTRLbits = 0x390
                    0x0392                  C1CFG1 = 0x392
                    0x0392                  _C1CFG1 = 0x392
                    0x0392                  _C1CFG1bits = 0x392
                    0x0394                  C1CFG2 = 0x394
                    0x0394                  _C1CFG2 = 0x394
                    0x0394                  _C1CFG2bits = 0x394
                    0x0396                  C1INTF = 0x396
                    0x0396                  _C1INTF = 0x396
                    0x0396                  _C1INTFbits = 0x396
                    0x0398                  C1INTE = 0x398
                    0x0398                  _C1INTE = 0x398
                    0x0398                  _C1INTEbits = 0x398
                    0x039a                  C1EC = 0x39a
                    0x039a                  _C1EC = 0x39a
                    0x039a                  _C1ECbits = 0x39a
                    0x039a                  C1RERRCNT = 0x39a
                    0x039a                  _C1RERRCNT = 0x39a
                    0x039b                  C1TERRCNT = 0x39b
                    0x039b                  _C1TERRCNT = 0x39b
                    0x0740                  RCON = 0x740
                    0x0740                  _RCON = 0x740
                    0x0740                  _RCONbits = 0x740
                    0x0742                  OSCCON = 0x742
                    0x0742                  _OSCCON = 0x742
                    0x0742                  _OSCCONbits = 0x742
                    0x0742                  OSCCONL = 0x742
                    0x0742                  _OSCCONL = 0x742
                    0x0743                  OSCCONH = 0x743
                    0x0743                  _OSCCONH = 0x743
                    0x0760                  NVMCON = 0x760
                    0x0760                  _NVMCON = 0x760
                    0x0760                  _NVMCONbits = 0x760
                    0x0762                  NVMADR = 0x762
                    0x0762                  _NVMADR = 0x762
                    0x0764                  NVMADRU = 0x764
                    0x0764                  _NVMADRU = 0x764
                    0x0764                  _NVMADRUbits = 0x764
                    0x0766                  NVMKEY = 0x766
                    0x0766                  _NVMKEY = 0x766
                    0x0770                  PMD1 = 0x770
                    0x0770                  _PMD1 = 0x770
                    0x0770                  _PMD1bits = 0x770
                    0x0772                  PMD2 = 0x772
                    0x0772                  _PMD2 = 0x772
                    0x0772                  _PMD2bits = 0x772
                    0x0022                  ACCA = 0x22
                    0x0022                  _ACCA = 0x22
                    0x0028                  ACCB = 0x28
                    0x0028                  _ACCB = 0x28
                    0x0300                  CAN1 = 0x300
                    0x0300                  _CAN1 = 0x300
                    0x0140                  IC1 = 0x140
                    0x0140                  _IC1 = 0x140
                    0x0144                  IC2 = 0x144
                    0x0144                  _IC2 = 0x144
                    0x0158                  IC7 = 0x158
                    0x0158                  _IC7 = 0x158
                    0x015c                  IC8 = 0x15c
                    0x015c                  _IC8 = 0x15c
                    0x0180                  OC1 = 0x180
                    0x0180                  _OC1 = 0x180
                    0x0186                  OC2 = 0x186
                    0x0186                  _OC2 = 0x186
                    0x0220                  SPI1 = 0x220
                    0x0220                  _SPI1 = 0x220
                    0x020c                  UART1 = 0x20c
                    0x020c                  _UART1 = 0x20c
START GROUP
LOAD c:/program files (x86)/microchip/xc16/v1.33/bin/bin/../../lib\libpic30-elf.a
LOAD c:/program files (x86)/microchip/xc16/v1.33/bin/bin/../../lib\libfastm-elf.a
LOAD c:/program files (x86)/microchip/xc16/v1.33/bin/bin/../../lib\libc-elf.a
END GROUP
OUTPUT(dist/simulator/production/MDU_COMON.X.production.elf elf32-pic30)
LOAD FGS
LOAD jump_table
LOAD default_isr
LOAD data_init

.debug_pubtypes
                  0x0001b0        0x950
 .debug_pubtypes
                  0x0001b0         0x12 build/simulator/production/Driver/driver.o
 .debug_pubtypes
                  0x0001c2         0x6e build/simulator/production/Driver/eeprom.o
 .debug_pubtypes
                  0x000230         0xb6 build/simulator/production/Driver/encoder.o
 .debug_pubtypes
                  0x0002e6        0x123 build/simulator/production/Driver/ports.o
 .debug_pubtypes
                  0x000409        0x15c build/simulator/production/Driver/pwm.o
 .debug_pubtypes
                  0x000565        0x126 build/simulator/production/Driver/uart.o
 .debug_pubtypes
                  0x00068b         0x70 build/simulator/production/Driver/timer.o
 .debug_pubtypes
                  0x0006fb        0x12c build/simulator/production/Driver/adc.o
 .debug_pubtypes
                  0x000827         0x12 build/simulator/production/Setting/configuration.o
 .debug_pubtypes
                  0x000839         0x12 build/simulator/production/main.o
 .debug_pubtypes
                  0x00084b         0x12 build/simulator/production/Setting/types.o
 .debug_pubtypes
                  0x00085d         0x44 build/simulator/production/System/shell.o
 .debug_pubtypes
                  0x0008a1         0x72 build/simulator/production/System/shell_bin.o
 .debug_pubtypes
                  0x000913         0x8e build/simulator/production/System/shell_core.o
 .debug_pubtypes
                  0x0009a1         0x12 build/simulator/production/System/system.o
 .debug_pubtypes
                  0x0009b3         0x43 build/simulator/production/System/motor.o
 .debug_pubtypes
                  0x0009f6         0x7e build/simulator/production/System/shell_sbin.o
 .debug_pubtypes
                  0x000a74         0x52 build/simulator/production/System/file.o
 .debug_pubtypes
                  0x000ac6         0x3a build/simulator/production/System/error.o

__c30_signature
                  0x000b00        0x114
 __c30_signature
                  0x000b00          0x6 build/simulator/production/Driver/driver.o
 __c30_signature
                  0x000b06          0x6 build/simulator/production/Driver/eeprom.o
 __c30_signature
                  0x000b0c          0x6 build/simulator/production/Driver/encoder.o
 __c30_signature
                  0x000b12          0x6 build/simulator/production/Driver/ports.o
 __c30_signature
                  0x000b18          0x6 build/simulator/production/Driver/pwm.o
 __c30_signature
                  0x000b1e          0x6 build/simulator/production/Driver/uart.o
 __c30_signature
                  0x000b24          0x6 build/simulator/production/Driver/timer.o
 __c30_signature
                  0x000b2a          0x6 build/simulator/production/Driver/adc.o
 __c30_signature
                  0x000b30          0x6 build/simulator/production/Setting/configuration.o
 __c30_signature
                  0x000b36          0x6 build/simulator/production/main.o
 __c30_signature
                  0x000b3c          0x6 build/simulator/production/Setting/types.o
 __c30_signature
                  0x000b42          0x6 build/simulator/production/System/shell.o
 __c30_signature
                  0x000b48          0x6 build/simulator/production/System/shell_bin.o
 __c30_signature
                  0x000b4e          0x6 build/simulator/production/System/shell_core.o
 __c30_signature
                  0x000b54          0x6 build/simulator/production/System/system.o
 __c30_signature
                  0x000b5a          0x6 build/simulator/production/System/motor.o
 __c30_signature
                  0x000b60          0x6 build/simulator/production/System/shell_sbin.o
 __c30_signature
                  0x000b66          0x6 build/simulator/production/System/file.o
 __c30_signature
                  0x000b6c          0x6 build/simulator/production/System/error.o
 __c30_signature
                  0x000b72          0x6 c:/program files (x86)/microchip/xc16/v1.33/bin/bin/../../lib\libpic30-elf.a(crt0_standard.o)
 __c30_signature
                  0x000b78          0x6 c:/program files (x86)/microchip/xc16/v1.33/bin/bin/../../lib\libpic30-elf.a(data_init_standard.o)
 __c30_signature
                  0x000b7e          0x6 c:/program files (x86)/microchip/xc16/v1.33/bin/bin/../../lib\libpic30-elf.a(eedata_helper.eo)
 __c30_signature
                  0x000b84          0x6 c:/program files (x86)/microchip/xc16/v1.33/bin/bin/../../lib\libfastm-elf.a(fixsfsi.eo)
 __c30_signature
                  0x000b8a          0x6 c:/program files (x86)/microchip/xc16/v1.33/bin/bin/../../lib\libfastm-elf.a(funpack.eo)
 __c30_signature
                  0x000b90          0x6 c:/program files (x86)/microchip/xc16/v1.33/bin/bin/../../lib\libc-elf.a(atof.eo)
 __c30_signature
                  0x000b96          0x6 c:/program files (x86)/microchip/xc16/v1.33/bin/bin/../../lib\libc-elf.a(atoi.eo)
 __c30_signature
                  0x000b9c          0x6 c:/program files (x86)/microchip/xc16/v1.33/bin/bin/../../lib\libc-elf.a(exit.eo)
 __c30_signature
                  0x000ba2          0x6 c:/program files (x86)/microchip/xc16/v1.33/bin/bin/../../lib\libc-elf.a(itoa.eo)
 __c30_signature
                  0x000ba8          0x6 c:/program files (x86)/microchip/xc16/v1.33/bin/bin/../../lib\libc-elf.a(stdclean.eo)
 __c30_signature
                  0x000bae          0x6 c:/program files (x86)/microchip/xc16/v1.33/bin/bin/../../lib\libc-elf.a(strcmp.eo)
 __c30_signature
                  0x000bb4          0x6 c:/program files (x86)/microchip/xc16/v1.33/bin/bin/../../lib\libc-elf.a(strcpy.eo)
 __c30_signature
                  0x000bba          0x6 c:/program files (x86)/microchip/xc16/v1.33/bin/bin/../../lib\libc-elf.a(strlen.eo)
 __c30_signature
                  0x000bc0          0x6 c:/program files (x86)/microchip/xc16/v1.33/bin/bin/../../lib\libc-elf.a(strtok.eo)
 __c30_signature
                  0x000bc6          0x6 c:/program files (x86)/microchip/xc16/v1.33/bin/bin/../../lib\libc-elf.a(strcspn.eo)
 __c30_signature
                  0x000bcc          0x6 c:/program files (x86)/microchip/xc16/v1.33/bin/bin/../../lib\libc-elf.a(strspn.eo)
 __c30_signature
                  0x000bd2          0x6 c:/program files (x86)/microchip/xc16/v1.33/bin/bin/../../lib\libc-elf.a(strchr.elo)
 __c30_signature
                  0x000bd8          0x6 c:/program files (x86)/microchip/xc16/v1.33/bin/bin/../../lib\libpic30-elf.a(_exit.eo)
 __c30_signature
                  0x000bde          0x6 c:/program files (x86)/microchip/xc16/v1.33/bin/bin/../../lib\libfastm-elf.a(feqltle.eo)
 __c30_signature
                  0x000be4          0x6 c:/program files (x86)/microchip/xc16/v1.33/bin/bin/../../lib\libfastm-elf.a(fgtge.eo)
 __c30_signature
                  0x000bea          0x6 c:/program files (x86)/microchip/xc16/v1.33/bin/bin/../../lib\libfastm-elf.a(floatsisf.eo)
 __c30_signature
                  0x000bf0          0x6 c:/program files (x86)/microchip/xc16/v1.33/bin/bin/../../lib\libfastm-elf.a(mulsi3.eo)
 __c30_signature
                  0x000bf6          0x6 c:/program files (x86)/microchip/xc16/v1.33/bin/bin/../../lib\libfastm-elf.a(fcompare.eo)
 __c30_signature
                  0x000bfc          0x6 c:/program files (x86)/microchip/xc16/v1.33/bin/bin/../../lib\libfastm-elf.a(floatdisf.eo)
 __c30_signature
                  0x000c02          0x6 c:/program files (x86)/microchip/xc16/v1.33/bin/bin/../../lib\libfastm-elf.a(floatundisf.eo)
 __c30_signature
                  0x000c08          0x6 c:/program files (x86)/microchip/xc16/v1.33/bin/bin/../../lib\libfastm-elf.a(fpack.eo)
 __c30_signature
                  0x000c0e          0x6 c:/program files (x86)/microchip/xc16/v1.33/bin/bin/../../lib\libfastm-elf.a(funpack2.eo)

.nbss               0x0800        0x22e
 .nbss              0x0800        0x142 build/simulator/production/System/file.o
 .nbss              0x0942         0x8c build/simulator/production/Driver/uart.o
 .nbss              0x09ce         0x46 build/simulator/production/Driver/eeprom.o
                    0x09ce                  _fb
 .nbss              0x0a14         0x1a build/simulator/production/System/shell_core.o
                    0x0a14                  _current
                    0x0a16                  _root
                    0x0a18                  _lst_quick

.ndata              0x0a2e         0x12
 .ndata             0x0a2e          0xa build/simulator/production/Driver/pwm.o
 .ndata             0x0a38          0x8 build/simulator/production/Driver/encoder.o

.nbss               0x0a40          0xc
 .nbss              0x0a40          0x6 build/simulator/production/Driver/encoder.o
 .nbss              0x0a46          0x6 build/simulator/production/Driver/timer.o

.ndata              0x0a4c          0x6
 .ndata             0x0a4c          0x4 build/simulator/production/System/shell.o
 .ndata             0x0a50          0x2 build/simulator/production/System/shell_sbin.o

.nbss               0x0a52          0x2
 .nbss              0x0a52          0x2 build/simulator/production/System/error.o
                    0x0a52                  _errno

.bss                0x0a54          0x2
 .bss               0x0a54          0x2 c:/program files (x86)/microchip/xc16/v1.33/bin/bin/../../lib\libc-elf.a(strtok.eo)

.ivt._PWMInterrupt
                  0x000062          0x2
 .ivt._PWMInterrupt
                  0x000062          0x2 build/simulator/production/Driver/encoder.o

.ivt._U1RXInterrupt
                  0x000026          0x2
 .ivt._U1RXInterrupt
                  0x000026          0x2 build/simulator/production/Driver/uart.o

.ivt._U1TXInterrupt
                  0x000028          0x2
 .ivt._U1TXInterrupt
                  0x000028          0x2 build/simulator/production/Driver/uart.o

.config_ICS       0xf8000c          0x2
 .config_ICS      0xf8000c          0x2 build/simulator/production/Setting/configuration.o

.config_MCLRE     0xf80004          0x2
 .config_MCLRE    0xf80004          0x2 build/simulator/production/Setting/configuration.o

.config_WDT       0xf80002          0x2
 .config_WDT      0xf80002          0x2 build/simulator/production/Setting/configuration.o

.config_FCKSMEN
                  0xf80000          0x2
 .config_FCKSMEN
                  0xf80000          0x2 build/simulator/production/Setting/configuration.o

_036090c05b45b440
                    0x8e0c         0x9a load address 0x000e0c  
 _036090c05b45b440
                    0x8e0c         0x9a build/simulator/production/System/error.o

_0493f7805b45b43c
                    0x8ea6         0x60 load address 0x000ea6  
 _0493f7805b45b43c
                    0x8ea6         0x60 build/simulator/production/System/shell_bin.o

.const              0x8f06         0x8e load address 0x000f06  
 .const             0x8f06         0x3e build/simulator/production/System/shell_bin.o
 .const             0x8f44         0x1a build/simulator/production/System/shell_core.o
 .const             0x8f5e         0x18 build/simulator/production/Driver/eeprom.o
 .const             0x8f76          0xa build/simulator/production/System/shell.o
 .const             0x8f80          0x8 build/simulator/production/System/motor.o
 .const             0x8f88          0x6 build/simulator/production/System/shell_sbin.o
 .const             0x8f8e          0x4 build/simulator/production/Driver/timer.o
 .const             0x8f92          0x2 build/simulator/production/Driver/encoder.o
                    0x8f92                  _pos

_048bff605b45b440
                    0x8f94         0x10 load address 0x000f94  
 _048bff605b45b440
                    0x8f94         0x10 build/simulator/production/System/shell_sbin.o

_03605e405b45b440
                    0x8fa4          0x8 load address 0x000fa4  
 _03605e405b45b440
                    0x8fa4          0x8 build/simulator/production/System/error.o

.text             0x000fac       0x14ee
 .text            0x000fac        0x558 build/simulator/production/System/shell_core.o
                  0x000fac                  _path_root
                  0x000fb4                  _path_current
                  0x000fbc                  _path_move
                  0x000fc8                  _path_init
                  0x000fda                  _path_insert
                  0x001008                  _path_access_get
                  0x001020                  _path_access_set
                  0x001042                  _path_filetype_get
                  0x00105c                  _path_filetype_set
                  0x001080                  _path_get
                  0x001182                  _path_get_registor
                  0x0011e0                  _path_get_all
                  0x00120a                  _directory_create
                  0x001230                  _directory_insert
                  0x001274                  _directory_registor
                  0x0012b4                  _directory_registor_init
                  0x0012d4                  _shell_system
                  0x001384                  _shell_system_s
                  0x0013d2                  _execute_create
                  0x0013fa                  _integer_create
                  0x001432                  _float_create
                  0x00146a                  _select_listen_set
                  0x001476                  _select_general_set
                  0x001482                  _select_selected_set
                  0x00148e                  _select_listen
                  0x0014a0                  _select_general
                  0x0014b2                  _select_selected
                  0x0014ca                  _directory_insert_excute
 .text            0x001504        0x4b0 build/simulator/production/System/shell_bin.o
                  0x001504                  _bin_create
                  0x00151a                  _bin_exit
                  0x001528                  _bin_echo
                  0x001542                  _bin_ls
                  0x0015e4                  _bin_pwd
                  0x001608                  _bin_tree_sub
                  0x00166a                  _bin_tree
                  0x001680                  _bin_cd
                  0x0016c0                  _bin_system
                  0x001702                  _bin_set
                  0x0017be                  _bin_get
                  0x001872                  _bin_loop
                  0x0018f6                  _bin_delay
 .text            0x0019b4        0x314 build/simulator/production/Driver/uart.o
                  0x0019b4                  _uart_setup
                  0x001a4a                  _uart_depth
                  0x001a52                  _uart_find
                  0x001a80                  _uart_seek
                  0x001a98                  _uart_remove
                  0x001ab0                  _uart_remove_all
                  0x001ab8                  _uart_getc
                  0x001aee                  _uart_gets
                  0x001b4a                  _uart_used
                  0x001b52                  _uart_full
                  0x001b68                  _uart_bufc
                  0x001b92                  _uart_bufnl
                  0x001b9c                  _uart_bufs
                  0x001bc0                  _uart_bufl
                  0x001bd2                  _uart_flush
                  0x001c24                  _uart_clr
                  0x001c32                  _uart_stop
                  0x001c3e                  _uart_begin
                  0x001c4c                  _uart_putc
                  0x001c6a                  _uart_putnl
                  0x001c74                  _uart_puts
                  0x001c9c                  _uart_putl
 .text            0x001cc8        0x268 build/simulator/production/Driver/pwm.o
                  0x001cc8                  _pwm_setup
                  0x001d78                  _dt_limit
                  0x001d9a                  _pwm_dt_direct
                  0x001dd8                  _pwm_dt
                  0x001e0a                  _pwm_dts
                  0x001e2e                  _set_pwm_period
                  0x001e7c                  _get_pwm_period
                  0x001e84                  _set_pwm_max
                  0x001eae                  _get_pwm_max
                  0x001eb6                  _set_pwm_min
                  0x001ee0                  _get_pwm_min
                  0x001ee8                  _get_pwm_dt
                  0x001f0e                  _pwm_shutdown
 .text            0x001f30        0x10e build/simulator/production/Driver/ports.o
                  0x001f30                  _ports_setup
                  0x001f60                  _port_address
                  0x001fa4                  _led_rx
                  0x001fba                  _port_get
                  0x001ff6                  _pin_encode_idx
                  0x00200e                  _pin_encode_x
                  0x002026                  _pin_encode_y
 .text            0x00203e         0xf4 build/simulator/production/System/file.o
                  0x00203e                  _file_init
                  0x00209a                  _file_free
                  0x0020c8                  _file_used
                  0x0020d4                  _file_memory
                  0x0020dc                  _file_create
                  0x00211c                  _file_delete
 .text            0x002132         0xe8 build/simulator/production/Driver/encoder.o
                  0x002132                  _encoder_setup
                  0x0021a4                  _encoder_raw
                  0x0021ac                  _encoder_speed_raw
                  0x0021b4                  _encoder_spin_raw
                  0x0021c4                  _encoder_direction
                  0x0021dc                  _encoder_period
                  0x002208                  _timer_flag
                  0x002210                  _get_encoder_period
 .text            0x00221a         0xc0 build/simulator/production/Driver/eeprom.o
                  0x00221a                  _eeprom_setup
                  0x002234                  _eeprom_open
                  0x002250                  _eeprom_close
                  0x00225a                  _eeprom_putc
                  0x00228c                  _eeprom_puts
                  0x0022b2                  _eeprom_flush
 .text            0x0022da         0x7e build/simulator/production/System/shell.o
                  0x0022da                  build/simulator/production/System/shell.o:_shell_listen
                  0x0022f4                  build/simulator/production/System/shell.o:_shell_selected
                  0x002344                  _shell_init
 .text            0x002358         0x6e build/simulator/production/Driver/timer.o
                  0x002358                  _timer23_setup
                  0x00237a                  _timer23_period
                  0x00239e                  _timer23_enable
                  0x0023be                  _timer23_check
 .text            0x0023c6         0x6a build/simulator/production/Driver/adc.o
                  0x0023c6                  _adc_setup
                  0x002428                  _adc_convert
 .text            0x002430         0x6a build/simulator/production/System/shell_sbin.o
                  0x00243c                  _sbin_create
                  0x002452                  _sbin_rst
                  0x002460                  _sbin_sel

.dinit            0x00249a         0x5e
 .dinit           0x00249a         0x5e data_init

.text             0x0024f8         0xf6
 .text            0x0024f8         0x4e build/simulator/production/Driver/timer_asm.o
                  0x0024f8                  _delay_ns
                  0x00250a                  _delay_us
                  0x002528                  _delay_ms
 .text            0x002546         0x4a build/simulator/production/System/motor.o
                  0x002546                  _motor_create
                  0x002560                  _motor_dt
 .text            0x002590         0x20 build/simulator/production/System/system.o
                  0x002590                  _system_setup
                  0x002598                  _system_process
 .text            0x0025b0         0x1e build/simulator/production/System/error.o
                  0x0025b0                  _error_print
 .text            0x0025ce         0x16 build/simulator/production/Driver/driver.o
                  0x0025ce                  _driver_setup
 .text            0x0025e4          0xa build/simulator/production/main.o
                  0x0025e4                  _main

_049849C05b45b436
                    0xfc00         0x80 load address 0x7ffc00  
 _049849C05b45b436
                    0xfc00         0x80 build/simulator/production/Driver/eeprom.o
                    0xfc00                  _system_file
